// Jest Snapshot v1, https://goo.gl/fbAQLP

exports[`<ConnectedAccountList/> renders a list of Connected Accounts 1`] = `
Array [
  <div
    className="cl-page-heading"
  >
    <a
      aria-label="Back Button"
      className="cl-back-button cl-back-button"
      onClick={[Function]}
    >
      <svg
        data-filename="../shared/assets/icons/arrow-left.svg"
      />
    </a>
    <div
      className="cl-text-container"
    >
      <h2
        className="heading h2 cl-title"
      >
        Connected accounts
      </h2>
      <p
        className="cl-subtitle"
      />
    </div>
  </div>,
  <div
    className="card card cl-themed-card cl-list-card"
  >
    <div>
      <button
        className="cl-list-item elementContainer button hoverable"
        disabled={false}
        onClick={[Function]}
      >
        <div
          className="listItem line"
        >
          <div
            className="start"
          >
            <div>
              <img
                alt="Facebook Account"
                className="cl-left-icon-wrapper"
                src="https://images.clerk.dev/static/facebook.svg"
              />
              peter@gmail.com
            </div>
          </div>
          <div
            className="iconContainer"
          >
            <svg
              data-filename="../shared/assets/icons/arrow-right.svg"
            />
          </div>
        </div>
      </button>
      <button
        className="cl-list-item elementContainer button hoverable"
        disabled={false}
        onClick={[Function]}
      >
        <div
          className="listItem line"
        >
          <div
            className="start"
          >
            <div>
              <img
                alt="Google Account"
                className="cl-left-icon-wrapper"
                src="https://images.clerk.dev/static/google.svg"
              />
              peter@gmail.com
            </div>
          </div>
          <div
            className="iconContainer"
          >
            <svg
              data-filename="../shared/assets/icons/arrow-right.svg"
            />
          </div>
        </div>
      </button>
      <button
        className="cl-list-item elementContainer button hoverable"
        disabled={false}
        onClick={[Function]}
      >
        <div
          className="listItem line"
        >
          <div
            className="start"
          >
            <div>
              <img
                alt="oauth_github"
                className="cl-left-icon-wrapper"
                src="https://images.clerk.dev/static/github.svg"
              />
              Connect 
              Github
               account
            </div>
          </div>
          <div
            className="iconContainer"
          >
            <svg
              data-filename="../shared/assets/icons/arrow-right.svg"
            />
          </div>
        </div>
      </button>
      <button
        className="cl-list-item elementContainer button hoverable"
        disabled={false}
        onClick={[Function]}
      >
        <div
          className="listItem line"
        >
          <div
            className="start"
          >
            <div>
              <img
                alt="oauth_microsoft"
                className="cl-left-icon-wrapper"
                src="https://images.clerk.dev/static/microsoft.svg"
              />
              Connect 
              Microsoft
               account
            </div>
          </div>
          <div
            className="iconContainer"
          >
            <svg
              data-filename="../shared/assets/icons/arrow-right.svg"
            />
          </div>
        </div>
      </button>
    </div>
  </div>,
]
`;

exports[`<ConnectedAccountList/> renders an empty list if there are no enabled providers 1`] = `
Array [
  <div
    className="cl-page-heading"
  >
    <a
      aria-label="Back Button"
      className="cl-back-button cl-back-button"
      onClick={[Function]}
    >
      <svg
        data-filename="../shared/assets/icons/arrow-left.svg"
      />
    </a>
    <div
      className="cl-text-container"
    >
      <h2
        className="heading h2 cl-title"
      >
        Connected accounts
      </h2>
      <p
        className="cl-subtitle"
      />
    </div>
  </div>,
  <div
    className="card card cl-themed-card cl-list-card"
  >
    <div
      className="cl-empty-list-item"
    >
      There are no available external account providers
    </div>
  </div>,
]
`;
